<html>
<body>
<pre>
<h1>µVision Build Log</h1>
<h2>Tool Versions:</h2>
IDE-Version: µVision V5.17.0.0
Copyright (C) 2015 ARM Ltd and ARM Germany GmbH. All rights reserved.
License Information: eff-cpu-337 espl Efftronics Flex license: MDK-ARM Standard: 3 user(s) (mdk_std) Support: Dec 2016
 
Tool Versions:
Toolchain:       MDK-ARM Standard: 3 user(s)  Version: 5.17
Toolchain Path:  C:\Keil_v517\ARM\ARMCC\Bin
C Compiler:      Armcc.exe V5.06 update 1 (build 61)
Assembler:       Armasm.exe V5.06 update 1 (build 61)
Linker/Locator:  ArmLink.exe V5.06 update 1 (build 61)
Library Manager: ArmAr.exe V5.06 update 1 (build 61)
Hex Converter:   FromElf.exe V5.06 update 1 (build 61)
CPU DLL:         SARMCM3.DLL V5.17
Dialog DLL:      DARMP1.DLL V1.25.0.0
Target DLL:      Segger\JL2CM3.dll V2.99.16.0
Dialog DLL:      TARMP1.DLL V1.24.0.0
 
<h2>Project:</h2>
D:\WMU\06_Implementation\test_wifi\Project_Files\test_wifi.uvproj
Project File Date:  06/24/2016

<h2>Output:</h2>
*** Using Compiler 'V5.06 update 1 (build 61)', folder: 'C:\Keil_v517\ARM\ARMCC\Bin'
Build target 'Target 1'
compiling wifi.c...
..\Source_Files\Wifi_Driver\wifi.c(430): warning:  #223-D: function "sprintf" declared implicitly
        sprintf(buffer_char_Func_CIPSEND, "%d", size_Func_CIPSEND);
..\Source_Files\Wifi_Driver\wifi.c: 1 warning, 0 errors
linking...
Program Size: Code=4940 RO-data=236 RW-data=580 ZI-data=6012  
FromELF: creating hex file...
"..\Output_Files\test_wifi.axf" - 0 Error(s), 1 Warning(s).
Build Time Elapsed:  00:00:01
</pre>
</body>
</html>
